All dependencies are present. Proceeding with deployment...
Deploying infrastructure with Terraform...
[0m[1mInitializing the backend...[0m
[0m[1mInitializing provider plugins...[0m
- Reusing previous version of hashicorp/local from the dependency lock file
- Reusing previous version of hashicorp/time from the dependency lock file
- Reusing previous version of bpg/proxmox from the dependency lock file
- Reusing previous version of hashicorp/null from the dependency lock file
- Using previously-installed bpg/proxmox v0.82.1
- Using previously-installed hashicorp/null v3.2.4
- Using previously-installed hashicorp/local v2.6.1
- Using previously-installed hashicorp/time v0.13.1

[0m[1m[32mTerraform has been successfully initialized![0m[32m[0m
[0m[32m
You may now begin working with Terraform. Try running "terraform plan" to see
any changes that are required for your infrastructure. All Terraform commands
should now work.

If you ever set or change modules or backend configuration for Terraform,
rerun this command to reinitialize your working directory. If you forget, other
commands will detect it and remind you to do so if necessary.[0m
[0m[1mdata.proxmox_virtual_environment_nodes.cluster_nodes: Reading...[0m[0m
[0m[1mdata.proxmox_virtual_environment_nodes.cluster_nodes: Read complete after 0s [id=nodes][0m

Terraform used the selected providers to generate the following execution
plan. Resource actions are indicated with the following symbols:
  [32m+[0m create[0m

Terraform will perform the following actions:

[1m  # proxmox_virtual_environment_haresource.talos_ha["talos-CleanRoom-master-01"][0m will be created
[0m  [32m+[0m[0m resource "proxmox_virtual_environment_haresource" "talos_ha" {
      [32m+[0m[0m id           = (known after apply)
      [32m+[0m[0m max_relocate = 3
      [32m+[0m[0m max_restart  = 3
      [32m+[0m[0m resource_id  = "vm:2000"
      [32m+[0m[0m state        = "started"
      [32m+[0m[0m type         = (known after apply)
    }

[1m  # proxmox_virtual_environment_haresource.talos_ha["talos-CleanRoom-worker-01"][0m will be created
[0m  [32m+[0m[0m resource "proxmox_virtual_environment_haresource" "talos_ha" {
      [32m+[0m[0m id           = (known after apply)
      [32m+[0m[0m max_relocate = 3
      [32m+[0m[0m max_restart  = 3
      [32m+[0m[0m resource_id  = "vm:3001"
      [32m+[0m[0m state        = "started"
      [32m+[0m[0m type         = (known after apply)
    }

[1m  # proxmox_virtual_environment_haresource.talos_ha["talos-CleanRoom-worker-02"][0m will be created
[0m  [32m+[0m[0m resource "proxmox_virtual_environment_haresource" "talos_ha" {
      [32m+[0m[0m id           = (known after apply)
      [32m+[0m[0m max_relocate = 3
      [32m+[0m[0m max_restart  = 3
      [32m+[0m[0m resource_id  = "vm:3002"
      [32m+[0m[0m state        = "started"
      [32m+[0m[0m type         = (known after apply)
    }

[1m  # proxmox_virtual_environment_haresource.talos_ha["talos-CleanRoom-worker-03"][0m will be created
[0m  [32m+[0m[0m resource "proxmox_virtual_environment_haresource" "talos_ha" {
      [32m+[0m[0m id           = (known after apply)
      [32m+[0m[0m max_relocate = 3
      [32m+[0m[0m max_restart  = 3
      [32m+[0m[0m resource_id  = "vm:3003"
      [32m+[0m[0m state        = "started"
      [32m+[0m[0m type         = (known after apply)
    }

[1m  # proxmox_virtual_environment_vm.vm["talos-CleanRoom-master-01"][0m will be created
[0m  [32m+[0m[0m resource "proxmox_virtual_environment_vm" "vm" {
      [32m+[0m[0m acpi                    = true
      [32m+[0m[0m bios                    = "seabios"
      [32m+[0m[0m boot_order              = [
          [32m+[0m[0m "virtio0",
          [32m+[0m[0m "ide2",
        ]
      [32m+[0m[0m description             = "Talos Control Plane Node - Managed by Terraform"
      [32m+[0m[0m id                      = (known after apply)
      [32m+[0m[0m ipv4_addresses          = (known after apply)
      [32m+[0m[0m ipv6_addresses          = (known after apply)
      [32m+[0m[0m keyboard_layout         = "en-us"
      [32m+[0m[0m mac_addresses           = (known after apply)
      [32m+[0m[0m migrate                 = false
      [32m+[0m[0m name                    = "talos-CleanRoom-master-01"
      [32m+[0m[0m network_interface_names = (known after apply)
      [32m+[0m[0m node_name               = "pve01"
      [32m+[0m[0m on_boot                 = true
      [32m+[0m[0m protection              = false
      [32m+[0m[0m reboot                  = false
      [32m+[0m[0m reboot_after_update     = true
      [32m+[0m[0m scsi_hardware           = "virtio-scsi-pci"
      [32m+[0m[0m started                 = true
      [32m+[0m[0m stop_on_destroy         = false
      [32m+[0m[0m tablet_device           = true
      [32m+[0m[0m tags                    = [
          [32m+[0m[0m "talos",
          [32m+[0m[0m "controlplane",
        ]
      [32m+[0m[0m template                = false
      [32m+[0m[0m timeout_clone           = 1800
      [32m+[0m[0m timeout_create          = 1800
      [32m+[0m[0m timeout_migrate         = 1800
      [32m+[0m[0m timeout_move_disk       = 1800
      [32m+[0m[0m timeout_reboot          = 1800
      [32m+[0m[0m timeout_shutdown_vm     = 1800
      [32m+[0m[0m timeout_start_vm        = 1800
      [32m+[0m[0m timeout_stop_vm         = 300
      [32m+[0m[0m vm_id                   = 2000

      [32m+[0m[0m agent {
          [32m+[0m[0m enabled = true
          [32m+[0m[0m timeout = "15m"
          [32m+[0m[0m trim    = false
          [32m+[0m[0m type    = "virtio"
        }

      [32m+[0m[0m cdrom {
          [32m+[0m[0m enabled   = false
          [32m+[0m[0m file_id   = "cephfs:iso/talos-1.12.1.iso"
          [32m+[0m[0m interface = "ide2"
        }

      [32m+[0m[0m cpu {
          [32m+[0m[0m cores      = 4
          [32m+[0m[0m hotplugged = 0
          [32m+[0m[0m limit      = 0
          [32m+[0m[0m numa       = false
          [32m+[0m[0m sockets    = 1
          [32m+[0m[0m type       = "host"
          [32m+[0m[0m units      = 1024
        }

      [32m+[0m[0m disk {
          [32m+[0m[0m aio               = "io_uring"
          [32m+[0m[0m backup            = true
          [32m+[0m[0m cache             = "writeback"
          [32m+[0m[0m datastore_id      = "CleanRoom_Storage"
          [32m+[0m[0m discard           = "ignore"
          [32m+[0m[0m file_format       = (known after apply)
          [32m+[0m[0m interface         = "virtio0"
          [32m+[0m[0m iothread          = false
          [32m+[0m[0m path_in_datastore = (known after apply)
          [32m+[0m[0m replicate         = true
          [32m+[0m[0m size              = 30
          [32m+[0m[0m ssd               = false
        }
      [32m+[0m[0m disk {
          [32m+[0m[0m aio               = "io_uring"
          [32m+[0m[0m backup            = true
          [32m+[0m[0m cache             = "writeback"
          [32m+[0m[0m datastore_id      = "local-lvm"
          [32m+[0m[0m discard           = "ignore"
          [32m+[0m[0m file_format       = "raw"
          [32m+[0m[0m interface         = "virtio1"
          [32m+[0m[0m iothread          = false
          [32m+[0m[0m path_in_datastore = (known after apply)
          [32m+[0m[0m replicate         = true
          [32m+[0m[0m size              = 125
          [32m+[0m[0m ssd               = false
        }

      [32m+[0m[0m memory {
          [32m+[0m[0m dedicated      = 16384
          [32m+[0m[0m floating       = 0
          [32m+[0m[0m keep_hugepages = false
          [32m+[0m[0m shared         = 0
        }

      [32m+[0m[0m network_device {
          [32m+[0m[0m bridge      = "vmbr0"
          [32m+[0m[0m enabled     = true
          [32m+[0m[0m firewall    = false
          [32m+[0m[0m mac_address = "BC:24:21:A4:B2:97"
          [32m+[0m[0m model       = "e1000e"
          [32m+[0m[0m mtu         = 0
          [32m+[0m[0m queues      = 0
          [32m+[0m[0m rate_limit  = 0
          [32m+[0m[0m vlan_id     = 3
        }

      [32m+[0m[0m vga (known after apply)
    }

[1m  # proxmox_virtual_environment_vm.vm["talos-CleanRoom-worker-01"][0m will be created
[0m  [32m+[0m[0m resource "proxmox_virtual_environment_vm" "vm" {
      [32m+[0m[0m acpi                    = true
      [32m+[0m[0m bios                    = "seabios"
      [32m+[0m[0m boot_order              = [
          [32m+[0m[0m "virtio0",
          [32m+[0m[0m "ide2",
        ]
      [32m+[0m[0m description             = "Talos Worker Node - Managed by Terraform"
      [32m+[0m[0m id                      = (known after apply)
      [32m+[0m[0m ipv4_addresses          = (known after apply)
      [32m+[0m[0m ipv6_addresses          = (known after apply)
      [32m+[0m[0m keyboard_layout         = "en-us"
      [32m+[0m[0m mac_addresses           = (known after apply)
      [32m+[0m[0m migrate                 = false
      [32m+[0m[0m name                    = "talos-CleanRoom-worker-01"
      [32m+[0m[0m network_interface_names = (known after apply)
      [32m+[0m[0m node_name               = "pve02"
      [32m+[0m[0m on_boot                 = true
      [32m+[0m[0m protection              = false
      [32m+[0m[0m reboot                  = false
      [32m+[0m[0m reboot_after_update     = true
      [32m+[0m[0m scsi_hardware           = "virtio-scsi-pci"
      [32m+[0m[0m started                 = true
      [32m+[0m[0m stop_on_destroy         = false
      [32m+[0m[0m tablet_device           = true
      [32m+[0m[0m tags                    = [
          [32m+[0m[0m "talos",
          [32m+[0m[0m "worker",
        ]
      [32m+[0m[0m template                = false
      [32m+[0m[0m timeout_clone           = 1800
      [32m+[0m[0m timeout_create          = 1800
      [32m+[0m[0m timeout_migrate         = 1800
      [32m+[0m[0m timeout_move_disk       = 1800
      [32m+[0m[0m timeout_reboot          = 1800
      [32m+[0m[0m timeout_shutdown_vm     = 1800
      [32m+[0m[0m timeout_start_vm        = 1800
      [32m+[0m[0m timeout_stop_vm         = 300
      [32m+[0m[0m vm_id                   = 3001

      [32m+[0m[0m agent {
          [32m+[0m[0m enabled = true
          [32m+[0m[0m timeout = "15m"
          [32m+[0m[0m trim    = false
          [32m+[0m[0m type    = "virtio"
        }

      [32m+[0m[0m cdrom {
          [32m+[0m[0m enabled   = false
          [32m+[0m[0m file_id   = "cephfs:iso/talos-1.12.1.iso"
          [32m+[0m[0m interface = "ide2"
        }

      [32m+[0m[0m cpu {
          [32m+[0m[0m cores      = 4
          [32m+[0m[0m hotplugged = 0
          [32m+[0m[0m limit      = 0
          [32m+[0m[0m numa       = false
          [32m+[0m[0m sockets    = 1
          [32m+[0m[0m type       = "host"
          [32m+[0m[0m units      = 1024
        }

      [32m+[0m[0m disk {
          [32m+[0m[0m aio               = "io_uring"
          [32m+[0m[0m backup            = true
          [32m+[0m[0m cache             = "writeback"
          [32m+[0m[0m datastore_id      = "CleanRoom_Storage"
          [32m+[0m[0m discard           = "ignore"
          [32m+[0m[0m file_format       = (known after apply)
          [32m+[0m[0m interface         = "virtio0"
          [32m+[0m[0m iothread          = false
          [32m+[0m[0m path_in_datastore = (known after apply)
          [32m+[0m[0m replicate         = true
          [32m+[0m[0m size              = 30
          [32m+[0m[0m ssd               = false
        }
      [32m+[0m[0m disk {
          [32m+[0m[0m aio               = "io_uring"
          [32m+[0m[0m backup            = true
          [32m+[0m[0m cache             = "writeback"
          [32m+[0m[0m datastore_id      = "local-lvm"
          [32m+[0m[0m discard           = "ignore"
          [32m+[0m[0m file_format       = "raw"
          [32m+[0m[0m interface         = "virtio1"
          [32m+[0m[0m iothread          = false
          [32m+[0m[0m path_in_datastore = (known after apply)
          [32m+[0m[0m replicate         = true
          [32m+[0m[0m size              = 125
          [32m+[0m[0m ssd               = false
        }

      [32m+[0m[0m memory {
          [32m+[0m[0m dedicated      = 16384
          [32m+[0m[0m floating       = 0
          [32m+[0m[0m keep_hugepages = false
          [32m+[0m[0m shared         = 0
        }

      [32m+[0m[0m network_device {
          [32m+[0m[0m bridge      = "vmbr0"
          [32m+[0m[0m enabled     = true
          [32m+[0m[0m firewall    = false
          [32m+[0m[0m mac_address = "BC:24:21:4C:99:A1"
          [32m+[0m[0m model       = "e1000e"
          [32m+[0m[0m mtu         = 0
          [32m+[0m[0m queues      = 0
          [32m+[0m[0m rate_limit  = 0
          [32m+[0m[0m vlan_id     = 3
        }

      [32m+[0m[0m vga (known after apply)
    }

[1m  # proxmox_virtual_environment_vm.vm["talos-CleanRoom-worker-02"][0m will be created
[0m  [32m+[0m[0m resource "proxmox_virtual_environment_vm" "vm" {
      [32m+[0m[0m acpi                    = true
      [32m+[0m[0m bios                    = "seabios"
      [32m+[0m[0m boot_order              = [
          [32m+[0m[0m "virtio0",
          [32m+[0m[0m "ide2",
        ]
      [32m+[0m[0m description             = "Talos Worker Node - Managed by Terraform"
      [32m+[0m[0m id                      = (known after apply)
      [32m+[0m[0m ipv4_addresses          = (known after apply)
      [32m+[0m[0m ipv6_addresses          = (known after apply)
      [32m+[0m[0m keyboard_layout         = "en-us"
      [32m+[0m[0m mac_addresses           = (known after apply)
      [32m+[0m[0m migrate                 = false
      [32m+[0m[0m name                    = "talos-CleanRoom-worker-02"
      [32m+[0m[0m network_interface_names = (known after apply)
      [32m+[0m[0m node_name               = "pve03"
      [32m+[0m[0m on_boot                 = true
      [32m+[0m[0m protection              = false
      [32m+[0m[0m reboot                  = false
      [32m+[0m[0m reboot_after_update     = true
      [32m+[0m[0m scsi_hardware           = "virtio-scsi-pci"
      [32m+[0m[0m started                 = true
      [32m+[0m[0m stop_on_destroy         = false
      [32m+[0m[0m tablet_device           = true
      [32m+[0m[0m tags                    = [
          [32m+[0m[0m "talos",
          [32m+[0m[0m "worker",
        ]
      [32m+[0m[0m template                = false
      [32m+[0m[0m timeout_clone           = 1800
      [32m+[0m[0m timeout_create          = 1800
      [32m+[0m[0m timeout_migrate         = 1800
      [32m+[0m[0m timeout_move_disk       = 1800
      [32m+[0m[0m timeout_reboot          = 1800
      [32m+[0m[0m timeout_shutdown_vm     = 1800
      [32m+[0m[0m timeout_start_vm        = 1800
      [32m+[0m[0m timeout_stop_vm         = 300
      [32m+[0m[0m vm_id                   = 3002

      [32m+[0m[0m agent {
          [32m+[0m[0m enabled = true
          [32m+[0m[0m timeout = "15m"
          [32m+[0m[0m trim    = false
          [32m+[0m[0m type    = "virtio"
        }

      [32m+[0m[0m cdrom {
          [32m+[0m[0m enabled   = false
          [32m+[0m[0m file_id   = "cephfs:iso/talos-1.12.1.iso"
          [32m+[0m[0m interface = "ide2"
        }

      [32m+[0m[0m cpu {
          [32m+[0m[0m cores      = 4
          [32m+[0m[0m hotplugged = 0
          [32m+[0m[0m limit      = 0
          [32m+[0m[0m numa       = false
          [32m+[0m[0m sockets    = 1
          [32m+[0m[0m type       = "host"
          [32m+[0m[0m units      = 1024
        }

      [32m+[0m[0m disk {
          [32m+[0m[0m aio               = "io_uring"
          [32m+[0m[0m backup            = true
          [32m+[0m[0m cache             = "writeback"
          [32m+[0m[0m datastore_id      = "CleanRoom_Storage"
          [32m+[0m[0m discard           = "ignore"
          [32m+[0m[0m file_format       = (known after apply)
          [32m+[0m[0m interface         = "virtio0"
          [32m+[0m[0m iothread          = false
          [32m+[0m[0m path_in_datastore = (known after apply)
          [32m+[0m[0m replicate         = true
          [32m+[0m[0m size              = 30
          [32m+[0m[0m ssd               = false
        }
      [32m+[0m[0m disk {
          [32m+[0m[0m aio               = "io_uring"
          [32m+[0m[0m backup            = true
          [32m+[0m[0m cache             = "writeback"
          [32m+[0m[0m datastore_id      = "local-lvm"
          [32m+[0m[0m discard           = "ignore"
          [32m+[0m[0m file_format       = "raw"
          [32m+[0m[0m interface         = "virtio1"
          [32m+[0m[0m iothread          = false
          [32m+[0m[0m path_in_datastore = (known after apply)
          [32m+[0m[0m replicate         = true
          [32m+[0m[0m size              = 125
          [32m+[0m[0m ssd               = false
        }

      [32m+[0m[0m memory {
          [32m+[0m[0m dedicated      = 16384
          [32m+[0m[0m floating       = 0
          [32m+[0m[0m keep_hugepages = false
          [32m+[0m[0m shared         = 0
        }

      [32m+[0m[0m network_device {
          [32m+[0m[0m bridge      = "vmbr0"
          [32m+[0m[0m enabled     = true
          [32m+[0m[0m firewall    = false
          [32m+[0m[0m mac_address = "BC:24:21:4C:99:A2"
          [32m+[0m[0m model       = "e1000e"
          [32m+[0m[0m mtu         = 0
          [32m+[0m[0m queues      = 0
          [32m+[0m[0m rate_limit  = 0
          [32m+[0m[0m vlan_id     = 3
        }

      [32m+[0m[0m vga (known after apply)
    }

[1m  # proxmox_virtual_environment_vm.vm["talos-CleanRoom-worker-03"][0m will be created
[0m  [32m+[0m[0m resource "proxmox_virtual_environment_vm" "vm" {
      [32m+[0m[0m acpi                    = true
      [32m+[0m[0m bios                    = "seabios"
      [32m+[0m[0m boot_order              = [
          [32m+[0m[0m "virtio0",
          [32m+[0m[0m "ide2",
        ]
      [32m+[0m[0m description             = "Talos Worker Node - Managed by Terraform"
      [32m+[0m[0m id                      = (known after apply)
      [32m+[0m[0m ipv4_addresses          = (known after apply)
      [32m+[0m[0m ipv6_addresses          = (known after apply)
      [32m+[0m[0m keyboard_layout         = "en-us"
      [32m+[0m[0m mac_addresses           = (known after apply)
      [32m+[0m[0m migrate                 = false
      [32m+[0m[0m name                    = "talos-CleanRoom-worker-03"
      [32m+[0m[0m network_interface_names = (known after apply)
      [32m+[0m[0m node_name               = "pve04"
      [32m+[0m[0m on_boot                 = true
      [32m+[0m[0m protection              = false
      [32m+[0m[0m reboot                  = false
      [32m+[0m[0m reboot_after_update     = true
      [32m+[0m[0m scsi_hardware           = "virtio-scsi-pci"
      [32m+[0m[0m started                 = true
      [32m+[0m[0m stop_on_destroy         = false
      [32m+[0m[0m tablet_device           = true
      [32m+[0m[0m tags                    = [
          [32m+[0m[0m "talos",
          [32m+[0m[0m "worker",
        ]
      [32m+[0m[0m template                = false
      [32m+[0m[0m timeout_clone           = 1800
      [32m+[0m[0m timeout_create          = 1800
      [32m+[0m[0m timeout_migrate         = 1800
      [32m+[0m[0m timeout_move_disk       = 1800
      [32m+[0m[0m timeout_reboot          = 1800
      [32m+[0m[0m timeout_shutdown_vm     = 1800
      [32m+[0m[0m timeout_start_vm        = 1800
      [32m+[0m[0m timeout_stop_vm         = 300
      [32m+[0m[0m vm_id                   = 3003

      [32m+[0m[0m agent {
          [32m+[0m[0m enabled = true
          [32m+[0m[0m timeout = "15m"
          [32m+[0m[0m trim    = false
          [32m+[0m[0m type    = "virtio"
        }

      [32m+[0m[0m cdrom {
          [32m+[0m[0m enabled   = false
          [32m+[0m[0m file_id   = "cephfs:iso/talos-1.12.1.iso"
          [32m+[0m[0m interface = "ide2"
        }

      [32m+[0m[0m cpu {
          [32m+[0m[0m cores      = 4
          [32m+[0m[0m hotplugged = 0
          [32m+[0m[0m limit      = 0
          [32m+[0m[0m numa       = false
          [32m+[0m[0m sockets    = 1
          [32m+[0m[0m type       = "host"
          [32m+[0m[0m units      = 1024
        }

      [32m+[0m[0m disk {
          [32m+[0m[0m aio               = "io_uring"
          [32m+[0m[0m backup            = true
          [32m+[0m[0m cache             = "writeback"
          [32m+[0m[0m datastore_id      = "CleanRoom_Storage"
          [32m+[0m[0m discard           = "ignore"
          [32m+[0m[0m file_format       = (known after apply)
          [32m+[0m[0m interface         = "virtio0"
          [32m+[0m[0m iothread          = false
          [32m+[0m[0m path_in_datastore = (known after apply)
          [32m+[0m[0m replicate         = true
          [32m+[0m[0m size              = 30
          [32m+[0m[0m ssd               = false
        }
      [32m+[0m[0m disk {
          [32m+[0m[0m aio               = "io_uring"
          [32m+[0m[0m backup            = true
          [32m+[0m[0m cache             = "writeback"
          [32m+[0m[0m datastore_id      = "local-lvm"
          [32m+[0m[0m discard           = "ignore"
          [32m+[0m[0m file_format       = "raw"
          [32m+[0m[0m interface         = "virtio1"
          [32m+[0m[0m iothread          = false
          [32m+[0m[0m path_in_datastore = (known after apply)
          [32m+[0m[0m replicate         = true
          [32m+[0m[0m size              = 125
          [32m+[0m[0m ssd               = false
        }

      [32m+[0m[0m memory {
          [32m+[0m[0m dedicated      = 16384
          [32m+[0m[0m floating       = 0
          [32m+[0m[0m keep_hugepages = false
          [32m+[0m[0m shared         = 0
        }

      [32m+[0m[0m network_device {
          [32m+[0m[0m bridge      = "vmbr0"
          [32m+[0m[0m enabled     = true
          [32m+[0m[0m firewall    = false
          [32m+[0m[0m mac_address = "BC:24:21:4C:99:A3"
          [32m+[0m[0m model       = "e1000e"
          [32m+[0m[0m mtu         = 0
          [32m+[0m[0m queues      = 0
          [32m+[0m[0m rate_limit  = 0
          [32m+[0m[0m vlan_id     = 3
        }

      [32m+[0m[0m vga (known after apply)
    }

[1mPlan:[0m [0m8 to add, 0 to change, 0 to destroy.

Changes to Outputs:
  [32m+[0m[0m cluster_status           = {
      [32m+[0m[0m available_nodes = [
          [32m+[0m[0m "pve01",
          [32m+[0m[0m "pve02",
          [32m+[0m[0m "pve03",
          [32m+[0m[0m "pve04",
        ]
      [32m+[0m[0m node_count      = 4
    }
  [32m+[0m[0m deployment_order         = {
      [32m+[0m[0m only = "Talos Kubernetes Cluster"
    }
  [32m+[0m[0m ha_enabled               = true
  [32m+[0m[0m ha_opnsense_vms          = {}
  [32m+[0m[0m ha_talos_vms             = {
      [32m+[0m[0m talos-CleanRoom-master-01 = {
          [32m+[0m[0m max_relocate = 3
          [32m+[0m[0m max_restart  = 3
          [32m+[0m[0m resource_id  = "vm:2000"
          [32m+[0m[0m state        = "started"
        }
      [32m+[0m[0m talos-CleanRoom-worker-01 = {
          [32m+[0m[0m max_relocate = 3
          [32m+[0m[0m max_restart  = 3
          [32m+[0m[0m resource_id  = "vm:3001"
          [32m+[0m[0m state        = "started"
        }
      [32m+[0m[0m talos-CleanRoom-worker-02 = {
          [32m+[0m[0m max_relocate = 3
          [32m+[0m[0m max_restart  = 3
          [32m+[0m[0m resource_id  = "vm:3002"
          [32m+[0m[0m state        = "started"
        }
      [32m+[0m[0m talos-CleanRoom-worker-03 = {
          [32m+[0m[0m max_relocate = 3
          [32m+[0m[0m max_restart  = 3
          [32m+[0m[0m resource_id  = "vm:3003"
          [32m+[0m[0m state        = "started"
        }
    }
  [32m+[0m[0m node_roles               = {
      [32m+[0m[0m controlplane = [
          [32m+[0m[0m "talos-CleanRoom-master-01",
        ]
      [32m+[0m[0m workers      = [
          [32m+[0m[0m "talos-CleanRoom-worker-01",
          [32m+[0m[0m "talos-CleanRoom-worker-02",
          [32m+[0m[0m "talos-CleanRoom-worker-03",
        ]
    }
  [32m+[0m[0m opnsense_api_configured  = (sensitive value)
  [32m+[0m[0m opnsense_api_endpoints   = (sensitive value)
  [32m+[0m[0m opnsense_api_test_status = (sensitive value)
  [32m+[0m[0m opnsense_vms             = {}
  [32m+[0m[0m vm_details               = {
      [32m+[0m[0m talos-CleanRoom-master-01 = {
          [32m+[0m[0m cores       = 4
          [32m+[0m[0m fqdn        = "talos-CleanRoom-master-01.knowledgeondemand.net"
          [32m+[0m[0m iso_used    = "cephfs:iso/talos-1.12.1.iso"
          [32m+[0m[0m mac_address = "BC:24:21:A4:B2:97"
          [32m+[0m[0m memory      = 16384
          [32m+[0m[0m role        = "controlplane"
          [32m+[0m[0m vmid        = 2000
        }
      [32m+[0m[0m talos-CleanRoom-worker-01 = {
          [32m+[0m[0m cores       = 4
          [32m+[0m[0m fqdn        = "talos-CleanRoom-worker-01.knowledgeondemand.net"
          [32m+[0m[0m iso_used    = "cephfs:iso/talos-1.12.1.iso"
          [32m+[0m[0m mac_address = "BC:24:21:4C:99:A1"
          [32m+[0m[0m memory      = 16384
          [32m+[0m[0m role        = "worker"
          [32m+[0m[0m vmid        = 3001
        }
      [32m+[0m[0m talos-CleanRoom-worker-02 = {
          [32m+[0m[0m cores       = 4
          [32m+[0m[0m fqdn        = "talos-CleanRoom-worker-02.knowledgeondemand.net"
          [32m+[0m[0m iso_used    = "cephfs:iso/talos-1.12.1.iso"
          [32m+[0m[0m mac_address = "BC:24:21:4C:99:A2"
          [32m+[0m[0m memory      = 16384
          [32m+[0m[0m role        = "worker"
          [32m+[0m[0m vmid        = 3002
        }
      [32m+[0m[0m talos-CleanRoom-worker-03 = {
          [32m+[0m[0m cores       = 4
          [32m+[0m[0m fqdn        = "talos-CleanRoom-worker-03.knowledgeondemand.net"
          [32m+[0m[0m iso_used    = "cephfs:iso/talos-1.12.1.iso"
          [32m+[0m[0m mac_address = "BC:24:21:4C:99:A3"
          [32m+[0m[0m memory      = 16384
          [32m+[0m[0m role        = "worker"
          [32m+[0m[0m vmid        = 3003
        }
    }
  [32m+[0m[0m vm_distribution          = {
      [32m+[0m[0m pve01 = [
          [32m+[0m[0m "talos-CleanRoom-master-01",
        ]
      [32m+[0m[0m pve02 = [
          [32m+[0m[0m "talos-CleanRoom-worker-01",
        ]
      [32m+[0m[0m pve03 = [
          [32m+[0m[0m "talos-CleanRoom-worker-02",
        ]
      [32m+[0m[0m pve04 = [
          [32m+[0m[0m "talos-CleanRoom-worker-03",
        ]
    }
  [32m+[0m[0m vm_mac_addresses         = {
      [32m+[0m[0m talos-CleanRoom-master-01 = "BC:24:21:A4:B2:97"
      [32m+[0m[0m talos-CleanRoom-worker-01 = "BC:24:21:4C:99:A1"
      [32m+[0m[0m talos-CleanRoom-worker-02 = "BC:24:21:4C:99:A2"
      [32m+[0m[0m talos-CleanRoom-worker-03 = "BC:24:21:4C:99:A3"
    }
[90m
─────────────────────────────────────────────────────────────────────────────[0m

Saved the plan to: .tfplan

To perform exactly these actions, run the following command to apply:
    terraform apply ".tfplan"
[0m[1mproxmox_virtual_environment_vm.vm["talos-CleanRoom-master-01"]: Creating...[0m[0m
[0m[1mproxmox_virtual_environment_vm.vm["talos-CleanRoom-worker-02"]: Creating...[0m[0m
[0m[1mproxmox_virtual_environment_vm.vm["talos-CleanRoom-worker-03"]: Creating...[0m[0m
[0m[1mproxmox_virtual_environment_vm.vm["talos-CleanRoom-worker-01"]: Creating...[0m[0m
[0m[1mproxmox_virtual_environment_vm.vm["talos-CleanRoom-master-01"]: Still creating... [00m10s elapsed][0m[0m
[0m[1mproxmox_virtual_environment_vm.vm["talos-CleanRoom-worker-02"]: Still creating... [00m10s elapsed][0m[0m
[0m[1mproxmox_virtual_environment_vm.vm["talos-CleanRoom-worker-03"]: Still creating... [00m10s elapsed][0m[0m
[0m[1mproxmox_virtual_environment_vm.vm["talos-CleanRoom-worker-01"]: Still creating... [00m10s elapsed][0m[0m
[0m[1mproxmox_virtual_environment_vm.vm["talos-CleanRoom-master-01"]: Still creating... [00m20s elapsed][0m[0m
[0m[1mproxmox_virtual_environment_vm.vm["talos-CleanRoom-worker-02"]: Still creating... [00m20s elapsed][0m[0m
[0m[1mproxmox_virtual_environment_vm.vm["talos-CleanRoom-worker-03"]: Still creating... [00m20s elapsed][0m[0m
[0m[1mproxmox_virtual_environment_vm.vm["talos-CleanRoom-worker-01"]: Still creating... [00m20s elapsed][0m[0m
[0m[1mproxmox_virtual_environment_vm.vm["talos-CleanRoom-master-01"]: Creation complete after 21s [id=2000][0m
[0m[1mproxmox_virtual_environment_vm.vm["talos-CleanRoom-worker-01"]: Creation complete after 22s [id=3001][0m
[0m[1mproxmox_virtual_environment_vm.vm["talos-CleanRoom-worker-02"]: Creation complete after 23s [id=3002][0m
[0m[1mproxmox_virtual_environment_vm.vm["talos-CleanRoom-worker-03"]: Creation complete after 28s [id=3003][0m
[0m[1mproxmox_virtual_environment_haresource.talos_ha["talos-CleanRoom-master-01"]: Creating...[0m[0m
[0m[1mproxmox_virtual_environment_haresource.talos_ha["talos-CleanRoom-worker-02"]: Creating...[0m[0m
[0m[1mproxmox_virtual_environment_haresource.talos_ha["talos-CleanRoom-worker-01"]: Creating...[0m[0m
[0m[1mproxmox_virtual_environment_haresource.talos_ha["talos-CleanRoom-master-01"]: Creation complete after 0s [id=vm:2000][0m
[0m[1mproxmox_virtual_environment_haresource.talos_ha["talos-CleanRoom-worker-03"]: Creating...[0m[0m
[0m[1mproxmox_virtual_environment_haresource.talos_ha["talos-CleanRoom-worker-01"]: Creation complete after 0s [id=vm:3001][0m
[0m[1mproxmox_virtual_environment_haresource.talos_ha["talos-CleanRoom-worker-02"]: Creation complete after 0s [id=vm:3002][0m
[0m[1mproxmox_virtual_environment_haresource.talos_ha["talos-CleanRoom-worker-03"]: Creation complete after 1s [id=vm:3003][0m
[0m[1m[32m
Apply complete! Resources: 8 added, 0 changed, 0 destroyed.[0m
[0m[1m[32m
Outputs:

[0mcluster_status = {
  "available_nodes" = tolist([
    "pve01",
    "pve02",
    "pve03",
    "pve04",
  ])
  "node_count" = 4
}
deployment_order = tomap({
  "only" = "Talos Kubernetes Cluster"
})
ha_enabled = true
ha_opnsense_vms = {}
ha_talos_vms = {
  "talos-CleanRoom-master-01" = {
    "max_relocate" = 3
    "max_restart" = 3
    "resource_id" = "vm:2000"
    "state" = "started"
  }
  "talos-CleanRoom-worker-01" = {
    "max_relocate" = 3
    "max_restart" = 3
    "resource_id" = "vm:3001"
    "state" = "started"
  }
  "talos-CleanRoom-worker-02" = {
    "max_relocate" = 3
    "max_restart" = 3
    "resource_id" = "vm:3002"
    "state" = "started"
  }
  "talos-CleanRoom-worker-03" = {
    "max_relocate" = 3
    "max_restart" = 3
    "resource_id" = "vm:3003"
    "state" = "started"
  }
}
node_roles = {
  "controlplane" = [
    "talos-CleanRoom-master-01",
  ]
  "workers" = [
    "talos-CleanRoom-worker-01",
    "talos-CleanRoom-worker-02",
    "talos-CleanRoom-worker-03",
  ]
}
opnsense_api_configured = <sensitive>
opnsense_api_endpoints = <sensitive>
opnsense_api_test_status = <sensitive>
opnsense_vms = {}
vm_details = {
  "talos-CleanRoom-master-01" = {
    "cores" = 4
    "fqdn" = "talos-CleanRoom-master-01.knowledgeondemand.net"
    "iso_used" = "cephfs:iso/talos-1.12.1.iso"
    "mac_address" = "BC:24:21:A4:B2:97"
    "memory" = 16384
    "role" = "controlplane"
    "vmid" = 2000
  }
  "talos-CleanRoom-worker-01" = {
    "cores" = 4
    "fqdn" = "talos-CleanRoom-worker-01.knowledgeondemand.net"
    "iso_used" = "cephfs:iso/talos-1.12.1.iso"
    "mac_address" = "BC:24:21:4C:99:A1"
    "memory" = 16384
    "role" = "worker"
    "vmid" = 3001
  }
  "talos-CleanRoom-worker-02" = {
    "cores" = 4
    "fqdn" = "talos-CleanRoom-worker-02.knowledgeondemand.net"
    "iso_used" = "cephfs:iso/talos-1.12.1.iso"
    "mac_address" = "BC:24:21:4C:99:A2"
    "memory" = 16384
    "role" = "worker"
    "vmid" = 3002
  }
  "talos-CleanRoom-worker-03" = {
    "cores" = 4
    "fqdn" = "talos-CleanRoom-worker-03.knowledgeondemand.net"
    "iso_used" = "cephfs:iso/talos-1.12.1.iso"
    "mac_address" = "BC:24:21:4C:99:A3"
    "memory" = 16384
    "role" = "worker"
    "vmid" = 3003
  }
}
vm_distribution = {
  "pve01" = [
    "talos-CleanRoom-master-01",
  ]
  "pve02" = [
    "talos-CleanRoom-worker-01",
  ]
  "pve03" = [
    "talos-CleanRoom-worker-02",
  ]
  "pve04" = [
    "talos-CleanRoom-worker-03",
  ]
}
vm_mac_addresses = {
  "talos-CleanRoom-master-01" = "BC:24:21:A4:B2:97"
  "talos-CleanRoom-worker-01" = "BC:24:21:4C:99:A1"
  "talos-CleanRoom-worker-02" = "BC:24:21:4C:99:A2"
  "talos-CleanRoom-worker-03" = "BC:24:21:4C:99:A3"
}
Generating Talos configuration...
[0;34m[INFO][0m Processing: terraform/talos-cluster-create/cluster.auto.tfvars
[0;34m[INFO][0m Using static network configuration for DNS addressing
[0;34m[INFO][0m Network: 10.83.3.0/24
[0;34m[INFO][0m Gateway: 10.83.3.1
[0;34m[INFO][0m Found first control plane FQDN: talos-CleanRoom-master-01.knowledgeondemand.net
[0;34m[INFO][0m Processed OPNsense 0: opnsense-fw-01 -> opnsense-fw-01.knowledgeondemand.net
[0;34m[INFO][0m Processed OPNsense 1: opnsense-fw-02 -> opnsense-fw-02.knowledgeondemand.net
[0;34m[INFO][0m Processed control plane 0: talos-CleanRoom-master-01 -> talos-CleanRoom-master-01.knowledgeondemand.net
[0;34m[INFO][0m Processed worker 1: talos-CleanRoom-worker-01 -> talos-CleanRoom-worker-01.knowledgeondemand.net
[0;34m[INFO][0m Processed worker 2: talos-CleanRoom-worker-02 -> talos-CleanRoom-worker-02.knowledgeondemand.net
[0;34m[INFO][0m Processed worker 3: talos-CleanRoom-worker-03 -> talos-CleanRoom-worker-03.knowledgeondemand.net
[0;32m[SUCCESS][0m talenv.yaml generated: talos/talenv.yaml
[1;33m[USAGE][0m Next steps:
  cd talos && talhelper genconfig --env-file talenv.yaml
generated config for talos-CleanRoom-master-01 in ./clusterconfig/proxmox-CleanRoom-cluster-talos-CleanRoom-master-01.yaml
generated config for talos-CleanRoom-worker-01 in ./clusterconfig/proxmox-CleanRoom-cluster-talos-CleanRoom-worker-01.yaml
generated config for talos-CleanRoom-worker-02 in ./clusterconfig/proxmox-CleanRoom-cluster-talos-CleanRoom-worker-02.yaml
generated config for talos-CleanRoom-worker-03 in ./clusterconfig/proxmox-CleanRoom-cluster-talos-CleanRoom-worker-03.yaml
generated client config in ./clusterconfig/talosconfig
generated .gitignore file in ./clusterconfig/.gitignore
Applying Talos configurations...
[0;34m[INFO][0m Loading Proxmox credentials from ../terraform/talos-cluster-create/credentials.auto.tfvars
[0;34m[INFO][0m Proxmox endpoint: https://pve01.knowledgeondemand.net:8006
[0;34m[INFO][0m Starting Talos config application process
[0;34m[INFO][0m Using TALOSCONFIG: /c/Users/Administrator/Documents/GitHub/Talos-CleanRoom/Resources/IAC-DNS/talos/clusterconfig/talosconfig

[0;34m[INFO][0m Loading VM information from ../terraform/talos-cluster-create/cluster.auto.tfvars

[0;34m[INFO][0m Processing VM: talos-CleanRoom-master-01 (VMID: 2000, Role: controlplane)
[0;34m[INFO][0m   Target FQDN: talos-CleanRoom-master-01.knowledgeondemand.net
[0;34m[INFO][0m     Searching for VM in Proxmox cluster...
[0;32m[SUCCESS][Cluster not yet healthy. Retrying (5/30)...
Cluster not yet healthy. Retrying (6/30)...
Cluster not yet healthy. Retrying (7/30)...
Cluster is healthy.
Getting kubeconfig...
renamed cluster "proxmox-CleanRoom-cluster" -> "proxmox-CleanRoom-cluster-4"
renamed auth info "admin@proxmox-CleanRoom-cluster" -> "admin@proxmox-CleanRoom-cluster-4"
renamed context "admin@proxmox-CleanRoom-cluster" -> "admin@proxmox-CleanRoom-cluster-4"
Installing ArgoCD...
=== ArgoCD Installation ===
Checking cluster connectivity...
Creating namespace: argocd...
Error from server (AlreadyExists): error when creating "C:/Users/Administrator/Documents/GitHub/Talos-CleanRoom/Resources/IAC-DNS/infrastructure/argocd/namespace.yaml": namespaces "argocd" already exists
Error: Failed to install ArgoCD.
2m[SUCCESS][0m   Current DHCP IP: 10.83.3.15
[0;34m[INFO][0m   Config file: proxmox-CleanRoom-cluster-talos-CleanRoom-worker-01.yaml
[0;34m[INFO][0m   Applying configuration...
[0;32m[SUCCESS][0m   Config applied successfully!
[0;34m[INFO][0m   VM will reboot and come up at: talos-CleanRoom-worker-01.knowledgeondemand.net

[0;34m[INFO][0m Processing VM: talos-CleanRoom-worker-02 (VMID: 3002, Role: worker)
[0;34m[INFO][0m   Target FQDN: talos-CleanRoom-worker-02.knowledgeondemand.net
[0;34m[INFO][0m     Searching for VM in Proxmox cluster...
[0;32m[SUCCESS][0m   Found on Proxmox node: pve03
[0;34m[INFO][0m     Querying guest agent for IP address...
[0;32m[SUCCESS][0m   Current DHCP IP: 10.83.3.16
[0;34m[INFO][0m   Config file: proxmox-CleanRoom-cluster-talos-CleanRoom-worker-02.yaml
[0;34m[INFO][0m   Applying configuration...
[0;32m[SUCCESS][0m   Config applied successfully!
[0;34m[INFO][0m   VM will reboot and come up at: talos-CleanRoom-worker-02.knowledgeondemand.net

[0;34m[INFO][0m Processing VM: talos-CleanRoom-worker-03 (VMID: 3003, Role: worker)
[0;34m[INFO][0m   Target FQDN: talos-CleanRoom-worker-03.knowledgeondemand.net
[0;34m[INFO][0m     Searching for VM in Proxmox cluster...
[0;32m[SUCCESS][0m   Found on Proxmox node: pve04
[0;34m[INFO][0m     Querying guest agent for IP address...
[0;32m[SUCCESS][0m   Current DHCP IP: 10.83.3.17
[0;34m[INFO][0m   Config file: proxmox-CleanRoom-cluster-talos-CleanRoom-worker-03.yaml
[0;34m[INFO][0m   Applying configuration...
[0;32m[SUCCESS][0m   Config applied successfully!
[0;34m[INFO][0m   VM will reboot and come up at: talos-CleanRoom-worker-03.knowledgeondemand.net


[0;34m[INFO][0m Waiting 180 seconds for VMs to reboot and become available...
[0;34m[INFO][0m Bootstrapping cluster on control plane: talos-CleanRoom-master-01.knowledgeondemand.net
[0;32m[SUCCESS][0m Cluster bootstrapped successfully!

[0;34m[INFO][0m Configure talosctl context:
[0;34m[INFO][0m   talosctl config endpoint talos-CleanRoom-master-01.knowledgeondemand.net
[0;34m[INFO][0m   talosctl config node talos-CleanRoom-master-01.knowledgeondemand.net

[0;32m[SUCCESS][0m Done!

[0;34m[INFO][0m Summary of applied configs:
  - talos-CleanRoom-master-01: 10.83.3.10 → talos-CleanRoom-master-01.knowledgeondemand.net
  - talos-CleanRoom-worker-01: 10.83.3.15 → talos-CleanRoom-worker-01.knowledgeondemand.net
  - talos-CleanRoom-worker-02: 10.83.3.16 → talos-CleanRoom-worker-02.knowledgeondemand.net
  - talos-CleanRoom-worker-03: 10.83.3.17 → talos-CleanRoom-worker-03.knowledgeondemand.net

[0;34m[INFO][0m Next steps:
[0;34m[INFO][0m   1. Wait for VMs to reboot (1-2 minutes)
[0;34m[INFO][0m   2. Verify connectivity: talosctl --nodes talos-CleanRoom-master-01.knowledgeondemand.net health
Waiting for cluster health (max wait: 300 seconds)...
Cluster is healthy.
Getting kubeconfig...
renamed cluster "proxmox-CleanRoom-cluster" -> "proxmox-CleanRoom-cluster-3"
renamed auth info "admin@proxmox-CleanRoom-cluster" -> "admin@proxmox-CleanRoom-cluster-3"
renamed context "admin@proxmox-CleanRoom-cluster" -> "admin@proxmox-CleanRoom-cluster-3"
Installing ArgoCD...
=== ArgoCD Installation ===
Checking cluster connectivity...
Creating namespace: argocd...
namespace/argocd created
Applying repository credentials...
secret/github-repo-creds created
Adding ArgoCD Helm repository...
"argo" already exists with the same configuration, skipping
Hang tight while we grab the latest from your chart repositories...
...Successfully got an update from the "longhorn" chart repository
...Successfully got an update from the "argo" chart repository
Update Complete. ⎈Happy Helming!⎈
Installing ArgoCD...
Release "argocd" does not exist. Installing it now.
NAME: argocd
LAST DEPLOYED: Tue Feb  3 21:15:11 2026
NAMESPACE: argocd
STATUS: deployed
REVISION: 1
DESCRIPTION: Install complete
TEST SUITE: None
NOTES:
In order to access the server UI you have the following options:

1. kubectl port-forward service/argocd-server -n argocd 8080:443

    and then open the browser on http://localhost:8080 and accept the certificate

2. enable ingress in the values file `server.ingress.enabled` and either
      - Add the annotation for ssl passthrough: https://argo-cd.readthedocs.io/en/stable/operator-manual/ingress/#option-1-ssl-passthrough
      - Set the `configs.params."server.insecure"` in the values file and terminate SSL at your ingress: https://argo-cd.readthedocs.io/en/stable/operator-manual/ingress/#option-2-multiple-ingress-objects-and-hosts


After reaching the UI the first time you can login with username: admin and the random password generated during the installation. You can find the password by running:

kubectl -n argocd get secret argocd-initial-admin-secret -o jsonpath="{.data.password}" | base64 -d

(You should delete the initial secret afterwards as suggested by the Getting Started Guide: https://argo-cd.readthedocs.io/en/stable/getting_started/#4-login-using-the-cli)
Waiting for ArgoCD pods to be ready...
pod/argocd-server-67868545c5-98ktw condition met
pod/argocd-server-67868545c5-9qqtl condition met
Setting admin password...
secret/argocd-secret patched
Admin password set to: admin

=== ArgoCD Installation Complete ===

Default credentials: admin / admin

To access ArgoCD UI via port-forward:
  kubectl port-forward svc/argocd-server -n argocd 8080:443
  Then open: https://localhost:8080

ArgoCD installed with default credentials: admin / admin
Deploying infrastructure stack...
==============================================
  Kubernetes Infrastructure Stack Deployment
==============================================

[1/10] Checking prerequisites...
✓ Prerequisites met

[2/10] Deploying MetalLB...
application.argoproj.io/metallb created
Waiting for MetalLB to be ready...
deployment.apps/metallb-controller condition met
✓ MetalLB deployed

[3/10] Configuring MetalLB IP Pool...
ipaddresspool.metallb.io/default-pool created
l2advertisement.metallb.io/default-l2-advertisement created
✓ MetalLB IP Pool configured (10.83.3.200-10.83.3.250)

[4/10] Deploying cert-manager...
application.argoproj.io/cert-manager created
Waiting for cert-manager to be ready...
Waiting for cert-manager deployment to be created...
deployment.apps/cert-manager condition met
deployment.apps/cert-manager-webhook condition met
✓ cert-manager deployed

[5/10] Configuring ClusterIssuers...
clusterissuer.cert-manager.io/selfsigned-issuer created
clusterissuer.cert-manager.io/letsencrypt-staging created
clusterissuer.cert-manager.io/letsencrypt-prod created
✓ ClusterIssuers configured

[6/10] Deploying Traefik...
application.argoproj.io/traefik created
Waiting for Traefik to be ready...
deployment.apps/traefik condition met
✓ Traefik deployed

[7/10] Configuring Traefik Middlewares...
middleware.traefik.io/secure-headers created
middleware.traefik.io/rate-limit created
middleware.traefik.io/compress created
middleware.traefik.io/strip-api-prefix created
middleware.traefik.io/redirect-https created
secret/basic-auth-secret created
middleware.traefik.io/basic-auth created
middleware.traefik.io/secured created
✓ Middlewares configured

[8/10] Deploying Longhorn...
application.argoproj.io/longhorn created
Waiting for Longhorn to be ready...
Waiting for Longhorn deployment to be created...
deployment.apps/longhorn-driver-deployer condition met
✓ Longhorn deployed

[9/10] Retrieving Traefik LoadBalancer IP...
[10/10] Applying IngressRoutes...
ingressroute.traefik.io/traefik-dashboard created
certificate.cert-manager.io/traefik-dashboard-cert created
ingressroute.traefik.io/argocd-server created
certificate.cert-manager.io/argocd-server-cert created
ingressroute.traefik.io/longhorn-ui created
certificate.cert-manager.io/longhorn-ui-cert created
✓ IngressRoutes applied


==============================================
  Deployment Complete!
==============================================

Traefik LoadBalancer IP: 10.83.3.200

Next Steps:

1. Configure DNS records in OPNsense pointing to 10.83.3.200:
   - traefik.knowledgeondemand.net
   - argocd.knowledgeondemand.net
   - longhorn.knowledgeondemand.net

2. Default credentials (CHANGE IN PRODUCTION!):
   All UIs use: admin / admin
   - Traefik/Longhorn: update traefik/middlewares.yaml
   - ArgoCD: update infrastructure/argocd/values.yaml

3. Verify deployment:
   kubectl get pods -n metallb-system
   kubectl get pods -n cert-manager
   kubectl get pods -n traefik
   kubectl get pods -n longhorn-system
   kubectl get svc -n traefik

4. Access UIs (credentials: admin/admin):
   - https://traefik.knowledgeondemand.net (Traefik Dashboard)
   - https://longhorn.knowledgeondemand.net (Longhorn Storage)
   - https://argocd.knowledgeondemand.net (ArgoCD)

5. Deploy OpenVAS (optional, resource-intensive):
   After the cluster is stable, run:
   ./deploy-openvas.sh

Enabling ArgoCD self-management...
application.argoproj.io/argocd created
Verifying ArgoCD self-management...
ArgoCD is now self-managing.
Deploying OpenVAS...
application.argoproj.io/openvas created
Deploying Faraday...
application.argoproj.io/faraday created
Deploying Metasploit Framework...
application.argoproj.io/metasploit created
Deploying Threat Dragon...
application.argoproj.io/threat-dragon created
Waiting for applications to sync...

Checking deployment status...
NAME            SYNC STATUS   HEALTH STATUS
argocd          OutOfSync     Healthy
cert-manager    Synced        Healthy
faraday         OutOfSync     Missing
longhorn        Synced        Healthy
metallb         Synced        Healthy
metasploit      OutOfSync     Missing
openvas         OutOfSync     Missing
threat-dragon   OutOfSync     Missing
traefik         Synced        Degraded

==========================================
Deployment complete!
==========================================

Default Credentials (CHANGE IN PRODUCTION!):
  - ArgoCD:     admin / admin
  - OpenVAS:    admin / admin
  - Faraday:    faraday / admin
  - Traefik/Longhorn: Uses basic-auth-secret (create with htpasswd)

Access services at:
  - ArgoCD:        https://argocd.knowledgeondemand.net
  - Traefik:       https://traefik.knowledgeondemand.net
  - Longhorn:      https://longhorn.knowledgeondemand.net
  - OpenVAS:       https://openvas.knowledgeondemand.net
  - Faraday:       https://faraday.knowledgeondemand.net
  - Threat Dragon: https://threatdragon.knowledgeondemand.net

Metasploit access (CLI only - no web UI):
  kubectl exec -it -n metasploit deployment/metasploit -c metasploit -- ./msfconsole

ArgoCD is now self-managing. Push changes to git and they will auto-sync.

Note: OpenVAS feed synchronization takes 30-60 minutes on first deployment.
==========================================
