08:30:38 [INFO] ============================================================
08:30:38 [INFO]   Talos CleanRoom — Automated Capture Orchestrator
08:30:38 [INFO] ============================================================
08:30:38 [INFO]   Portal:      https://cleanroom.knowledgeondemand.net
08:30:38 [INFO]   Deployment:  http://10.83.3.190:8000
08:30:38 [INFO]   Scanning:    https://scan.knowledgeondemand.net
08:30:38 [INFO]   IOC target:  10.83.1.113 (SMB, C$)
08:30:38 [INFO]   Scan tools:  Nmap,Metasploit
08:30:38 [INFO]   Images:      C:\Users\Administrator\Documents\GitHub\Talos-CleanRoom\docs\user-guide\docs\img
08:30:38 [INFO]   Videos:      C:\Users\Administrator\Documents\GitHub\Talos-CleanRoom\docs\user-guide\docs\videos
08:30:38 [INFO]   Log:         C:\Users\Administrator\Documents\GitHub\Talos-CleanRoom\docs\user-guide\screenshot-tool\capture_all.log
08:30:38 [INFO]   Skip deploy: True
08:30:38 [INFO] 
08:30:38 [INFO] Phase 0: Pre-flight checks
08:30:38 [INFO]   Playwright: OK
08:30:38 [INFO]   FFmpeg: OK
08:30:38 [INFO] 
08:30:38 [INFO] Phase 2: SKIPPED (--skip-deployment)
08:30:38 [INFO] 
08:30:38 [INFO] Phase 3: Fetching scanning console password
08:30:39 [INFO]   Scanning console password fetched successfully
08:30:39 [INFO] 
08:30:39 [INFO] Phase 4: Static screenshots (capture.py)
08:30:39 [INFO]   Running: capture.py --portal https://cleanroom.knowledgeondemand.net --deployment http://10.83.3.190:8000 --scanning https://scan.knowledgeondemand.net a2eem68y5v33HykU --output C:\Users\Administrator\Documents\GitHub\Talos-CleanRoom\docs\user-guide\docs\img
08:30:39 [INFO]     Capturing screenshots to C:\Users\Administrator\Documents\GitHub\Talos-CleanRoom\docs\user-guide\docs\img
08:30:39 [INFO]       Portal:     https://cleanroom.knowledgeondemand.net
08:30:39 [INFO]       Deployment: http://10.83.3.190:8000
08:30:39 [INFO]       Scanning:   https://scan.knowledgeondemand.net
08:30:41 [INFO]     
08:30:41 [INFO]     === Portal ===
08:30:44 [INFO]       [OK] portal-login-empty.jpg
08:30:52 [INFO]       [OK] portal-landing-cards.jpg
08:30:54 [INFO]       [OK] portal-credentials-masked.jpg
08:30:54 [INFO]     
08:30:54 [INFO]     === Deployment Console ===
08:30:59 [INFO]       [OK] deployment-dashboard-completed.jpg
08:31:01 [INFO]       [OK] deployment-config-terraform.jpg
08:31:02 [INFO]       [OK] deployment-config-talos.jpg
08:31:09 [INFO]       [OK] deployment-completed-banner.jpg
08:31:12 [INFO]       [OK] deployment-logs-filters.jpg
08:31:12 [INFO]     
08:31:12 [INFO]     === Scanning Console ===
08:31:16 [INFO]       [OK] scanning-scan-config-empty.jpg
08:31:17 [INFO]       [OK] scanning-scan-custom-modules.jpg
08:31:19 [INFO]       [OK] scanning-ioc-ssh.jpg
08:31:20 [INFO]       [OK] scanning-ioc-smb.jpg
08:31:20 [INFO]     
08:31:20 [INFO]     === Target Lab ===
08:31:24 [INFO]       [OK] scanning-target-lab-catalog.jpg
08:31:24 [INFO]     
08:31:24 [INFO]     === Reports ===
08:31:28 [INFO]       [OK] reports-dashboard.jpg
08:31:30 [INFO]       [OK] reports-hosts.jpg
08:31:32 [INFO]       [OK] reports-vulns-filters.jpg
08:31:34 [INFO]       [OK] reports-compare-results.jpg
08:31:36 [INFO]       [OK] reports-audit.jpg
08:31:36 [INFO]     
08:31:36 [INFO]     Manifest written to C:\Users\Administrator\Documents\GitHub\Talos-CleanRoom\docs\user-guide\docs\img\screenshots_manifest.json
08:31:36 [INFO]     Done!
08:31:37 [INFO] 
08:31:37 [INFO] Phase 5: Mocked/transient screenshots
08:31:37 [INFO]   Running: capture_remaining.py --deployment http://10.83.3.190:8000 --scanning https://scan.knowledgeondemand.net a2eem68y5v33HykU --output C:\Users\Administrator\Documents\GitHub\Talos-CleanRoom\docs\user-guide\docs\img
08:31:37 [INFO]     Capturing remaining screenshots to C:\Users\Administrator\Documents\GitHub\Talos-CleanRoom\docs\user-guide\docs\img
08:31:38 [INFO]     
08:31:38 [INFO]     === Deployment (Mocked States) ===
08:31:48 [INFO]       [OK] deployment-idle-start.jpg
08:31:58 [INFO]       [OK] deployment-running-midflight.jpg
08:32:09 [INFO]       [OK] deployment-failed-resume-skip.jpg
08:32:09 [INFO]     
08:32:09 [INFO]     === Deployment (Interactions) ===
08:32:14 [INFO]       [OK] deployment-cleanup-confirm.jpg
08:32:14 [INFO]       [OK] deployment-cleanup-confirm.jpg
08:32:17 [INFO]       [OK] deployment-config-validation-error.jpg
08:32:17 [INFO]     
08:32:17 [INFO]     === Scanning (Mocked States) ===
08:32:22 [INFO]       [OK] scanning-scan-running.jpg
08:32:27 [INFO]       [OK] scanning-scan-completed.jpg
08:32:32 [INFO]       [OK] scanning-enrichment-progress.jpg
08:32:32 [INFO]     
08:32:32 [INFO]     === Target Lab (Mocked States) ===
08:32:37 [INFO]       [OK] scanning-target-lab-active.jpg
08:32:37 [INFO]     
08:32:37 [INFO]     === Scanning (Interactions) ===
08:32:41 [INFO]       [OK] scanning-vuln-remediation.jpg
08:32:44 [INFO]       [OK] reports-scan-detail.jpg
08:32:44 [INFO]     
08:32:44 [INFO]     Done! Remaining screenshots that need live operations:
08:32:44 [INFO]       - scanning-ioc-running.jpg (run an IOC scan)
08:32:44 [INFO]       - scanning-ioc-findings.jpg (need IOC scan results)
08:32:44 [INFO]   Running: capture_ioc.py --scanning https://scan.knowledgeondemand.net a2eem68y5v33HykU --output C:\Users\Administrator\Documents\GitHub\Talos-CleanRoom\docs\user-guide\docs\img
08:32:46 [INFO]     Capturing IOC running state...
08:32:50 [INFO]       [OK] scanning-ioc-running.jpg
08:32:50 [INFO]     Capturing IOC findings state...
08:32:55 [INFO]       [OK] scanning-ioc-findings.jpg
08:32:55 [INFO]     Done!
08:32:55 [INFO] 
08:32:55 [INFO] Phase 6: Video 1 — Getting Started
08:32:55 [INFO]   Running: video_recorder.py --videos 1 --portal https://cleanroom.knowledgeondemand.net --deployment http://10.83.3.190:8000 --scanning https://scan.knowledgeondemand.net admin a2eem68y5v33HykU --output C:\Users\Administrator\Documents\GitHub\Talos-CleanRoom\docs\user-guide\docs\videos
08:32:56 [INFO]     Recording videos to C:\Users\Administrator\Documents\GitHub\Talos-CleanRoom\docs\user-guide\docs\videos
08:32:56 [INFO]     
08:32:56 [INFO]     === Recording: Video 1 — Getting Started ===
08:33:38 [INFO]       Subtitles saved: 01-getting-started.srt
08:33:38 [INFO]       Video recorded: C:\Users\Administrator\Documents\GitHub\Talos-CleanRoom\docs\user-guide\docs\videos\raw\dd1554e7904fe3fd7ce6fcf3c800e8db.webm
08:33:38 [INFO]     
08:33:38 [INFO]     === Post-Processing ===
08:33:38 [INFO]       Converting dd1554e7904fe3fd7ce6fcf3c800e8db.webm -> 01-getting-started.mp4...
08:33:47 [INFO]       Burning subtitles -> 01-getting-started_subtitled.mp4...
08:33:47 [INFO]       [WARN] Subtitle burn failed (video still saved without subs)
08:33:47 [INFO]       [OK] 01-getting-started.mp4
08:33:47 [INFO] 
08:33:47 [INFO] Phase 7: Video 3 — Target Lab + Vulnerability Scan (Nmap,Metasploit)
08:33:47 [INFO]   Running: video_recorder.py --videos 3 --scanning https://scan.knowledgeondemand.net a2eem68y5v33HykU --scan-tools Nmap,Metasploit --output C:\Users\Administrator\Documents\GitHub\Talos-CleanRoom\docs\user-guide\docs\videos
08:33:48 [INFO]     Recording videos to C:\Users\Administrator\Documents\GitHub\Talos-CleanRoom\docs\user-guide\docs\videos
08:33:48 [INFO]     
08:33:48 [INFO]     === Recording: Video 3 — Target Lab + Vulnerability Scan ===
08:50:04 [INFO]       Subtitles saved: 03-vuln-scan.srt
08:50:04 [INFO]       Video recorded: C:\Users\Administrator\Documents\GitHub\Talos-CleanRoom\docs\user-guide\docs\videos\raw\ec1788989b73da9d6ea2951e8f7e8776.webm
08:50:04 [INFO]     
08:50:04 [INFO]     === Post-Processing ===
08:50:04 [INFO]       Converting ec1788989b73da9d6ea2951e8f7e8776.webm -> 03-vuln-scan.mp4...
08:53:35 [INFO]       Burning subtitles -> 03-vuln-scan_subtitled.mp4...
08:53:35 [INFO]       [WARN] Subtitle burn failed (video still saved without subs)
08:53:35 [INFO]       [OK] 03-vuln-scan.mp4
08:53:35 [INFO] 
08:53:35 [INFO] Phase 8: Video 4 — IOC Scan (SMB)
08:53:35 [INFO]   Running: video_recorder.py --videos 4 --scanning https://scan.knowledgeondemand.net a2eem68y5v33HykU --ioc-target 10.83.1.113 --ioc-username administrator Kdrfdh476! --ioc-mount-type smb --ioc-share C$ --output C:\Users\Administrator\Documents\GitHub\Talos-CleanRoom\docs\user-guide\docs\videos
08:53:36 [INFO]     Recording videos to C:\Users\Administrator\Documents\GitHub\Talos-CleanRoom\docs\user-guide\docs\videos
08:53:36 [INFO]     
08:53:36 [INFO]     === Recording: Video 4 — IOC Scan Walkthrough ===
09:06:33 [INFO]       Subtitles saved: 04-ioc-scan.srt
09:06:33 [INFO]       Video recorded: C:\Users\Administrator\Documents\GitHub\Talos-CleanRoom\docs\user-guide\docs\videos\raw\9e7e6c982451ee748037cad8838f82ae.webm
09:06:33 [INFO]     
09:06:33 [INFO]     === Post-Processing ===
09:06:33 [INFO]       Converting 9e7e6c982451ee748037cad8838f82ae.webm -> 04-ioc-scan.mp4...
09:08:36 [INFO]       Burning subtitles -> 04-ioc-scan_subtitled.mp4...
09:08:36 [ERROR]   video_recorder.py timed out after 900s
09:08:36 [INFO] 
09:08:36 [INFO] Phase 9: Video 5 — Reports Tour (with scan data)
09:08:36 [INFO]   Running: video_recorder.py --videos 5 --scanning https://scan.knowledgeondemand.net a2eem68y5v33HykU --output C:\Users\Administrator\Documents\GitHub\Talos-CleanRoom\docs\user-guide\docs\videos
09:08:36 [INFO]     Recording videos to C:\Users\Administrator\Documents\GitHub\Talos-CleanRoom\docs\user-guide\docs\videos
09:08:36 [INFO]     
09:08:36 [INFO]     === Recording: Video 5 — Reports Tour ===
09:09:17 [INFO]       Subtitles saved: 05-reports-tour.srt
09:09:17 [INFO]       Video recorded: C:\Users\Administrator\Documents\GitHub\Talos-CleanRoom\docs\user-guide\docs\videos\raw\adaa2301a2b64dc698ad447624ee01ae.webm
09:09:17 [INFO]     
09:09:17 [INFO]     === Post-Processing ===
09:09:17 [INFO]       Converting adaa2301a2b64dc698ad447624ee01ae.webm -> 05-reports-tour.mp4...
09:09:25 [INFO]       Burning subtitles -> 05-reports-tour_subtitled.mp4...
09:09:25 [INFO]       [WARN] Subtitle burn failed (video still saved without subs)
09:09:25 [INFO]       [OK] 05-reports-tour.mp4
09:09:25 [INFO] 
09:09:25 [INFO] Phase 10: Re-capture reports screenshots (with scan data)
09:09:25 [INFO]   Running: capture.py --portal https://cleanroom.knowledgeondemand.net --deployment http://10.83.3.190:8000 --scanning https://scan.knowledgeondemand.net a2eem68y5v33HykU --output C:\Users\Administrator\Documents\GitHub\Talos-CleanRoom\docs\user-guide\docs\img
09:09:25 [INFO]     Capturing screenshots to C:\Users\Administrator\Documents\GitHub\Talos-CleanRoom\docs\user-guide\docs\img
09:09:25 [INFO]       Portal:     https://cleanroom.knowledgeondemand.net
09:09:25 [INFO]       Deployment: http://10.83.3.190:8000
09:09:25 [INFO]       Scanning:   https://scan.knowledgeondemand.net
09:09:27 [INFO]     
09:09:27 [INFO]     === Portal ===
09:09:28 [INFO]       [OK] portal-login-empty.jpg
09:09:35 [INFO]       [OK] portal-landing-cards.jpg
09:09:38 [INFO]       [OK] portal-credentials-masked.jpg
09:09:38 [INFO]     
09:09:38 [INFO]     === Deployment Console ===
09:09:42 [INFO]       [OK] deployment-dashboard-completed.jpg
09:09:44 [INFO]       [OK] deployment-config-terraform.jpg
09:09:45 [INFO]       [OK] deployment-config-talos.jpg
09:09:53 [INFO]       [OK] deployment-completed-banner.jpg
09:09:55 [INFO]       [OK] deployment-logs-filters.jpg
09:09:55 [INFO]     
09:09:56 [INFO]     === Scanning Console ===
09:09:59 [INFO]       [OK] scanning-scan-config-empty.jpg
09:10:00 [INFO]       [OK] scanning-scan-custom-modules.jpg
09:10:02 [INFO]       [OK] scanning-ioc-ssh.jpg
09:10:03 [INFO]       [OK] scanning-ioc-smb.jpg
09:10:03 [INFO]     
09:10:03 [INFO]     === Target Lab ===
09:10:07 [INFO]       [OK] scanning-target-lab-catalog.jpg
09:10:07 [INFO]     
09:10:07 [INFO]     === Reports ===
09:10:11 [INFO]       [OK] reports-dashboard.jpg
09:10:13 [INFO]       [OK] reports-hosts.jpg
09:10:15 [INFO]       [OK] reports-vulns-filters.jpg
09:10:17 [INFO]       [OK] reports-compare-results.jpg
09:10:19 [INFO]       [OK] reports-audit.jpg
09:10:19 [INFO]     
09:10:19 [INFO]     Manifest written to C:\Users\Administrator\Documents\GitHub\Talos-CleanRoom\docs\user-guide\docs\img\screenshots_manifest.json
09:10:19 [INFO]     Done!
09:10:19 [INFO] 
09:10:19 [INFO] ============================================================
09:10:19 [INFO]   CAPTURE COMPLETE
09:10:19 [INFO] ============================================================
09:10:19 [INFO]   Total time: 39m 41s
09:10:19 [INFO] 
09:10:19 [INFO]   [PASS] phase0
09:10:19 [INFO]   [SKIP] phase2_video
09:10:19 [INFO]   [PASS] phase3_creds
09:10:19 [INFO]   [PASS] phase4_screenshots
09:10:19 [INFO]   [PASS] phase5_mocked
09:10:19 [INFO]   [PASS] phase6_video1
09:10:19 [INFO]   [PASS] phase7_video3
09:10:19 [INFO]   [FAIL] phase8_video4
09:10:19 [INFO]   [PASS] phase9_video5
09:10:19 [INFO]   [PASS] phase10_reports
09:10:19 [INFO] 
09:10:19 [INFO]   8 passed, 1 failed, 1 skipped
09:10:19 [INFO] 
09:10:19 [INFO]   Screenshots:
09:10:19 [INFO]     deployment\deployment-cleanup-confirm.jpg
09:10:19 [INFO]     deployment\deployment-completed-banner.jpg
09:10:19 [INFO]     deployment\deployment-config-talos.jpg
09:10:19 [INFO]     deployment\deployment-config-terraform.jpg
09:10:19 [INFO]     deployment\deployment-config-validation-error.jpg
09:10:19 [INFO]     deployment\deployment-dashboard-completed.jpg
09:10:19 [INFO]     deployment\deployment-failed-resume-skip.jpg
09:10:19 [INFO]     deployment\deployment-idle-start.jpg
09:10:19 [INFO]     deployment\deployment-logs-filters.jpg
09:10:19 [INFO]     deployment\deployment-running-midflight.jpg
09:10:19 [INFO]     portal\portal-credentials-masked.jpg
09:10:19 [INFO]     portal\portal-landing-cards.jpg
09:10:19 [INFO]     portal\portal-login-empty.jpg
09:10:19 [INFO]     reports\reports-audit.jpg
09:10:19 [INFO]     reports\reports-compare-results.jpg
09:10:19 [INFO]     reports\reports-dashboard.jpg
09:10:19 [INFO]     reports\reports-hosts.jpg
09:10:19 [INFO]     reports\reports-scan-detail.jpg
09:10:19 [INFO]     reports\reports-vulns-filters.jpg
09:10:19 [INFO]     scanning\scanning-enrichment-progress.jpg
09:10:19 [INFO]     scanning\scanning-ioc-findings.jpg
09:10:19 [INFO]     scanning\scanning-ioc-running.jpg
09:10:19 [INFO]     scanning\scanning-ioc-smb.jpg
09:10:19 [INFO]     scanning\scanning-ioc-ssh.jpg
09:10:19 [INFO]     scanning\scanning-scan-completed.jpg
09:10:19 [INFO]     scanning\scanning-scan-config-empty.jpg
09:10:19 [INFO]     scanning\scanning-scan-custom-modules.jpg
09:10:19 [INFO]     scanning\scanning-scan-running.jpg
09:10:20 [INFO]     scanning\scanning-target-lab-active.jpg
09:10:20 [INFO]     scanning\scanning-target-lab-catalog.jpg
09:10:20 [INFO]     scanning\scanning-vuln-remediation.jpg
09:10:20 [INFO] 
09:10:20 [INFO]   Videos:
09:10:20 [INFO]     01-getting-started.mp4
09:10:20 [INFO]     01-getting-started_subtitled.mp4
09:10:20 [INFO]     03-vuln-scan.mp4
09:10:20 [INFO]     04-ioc-scan.mp4
09:10:20 [INFO]     05-reports-tour.mp4
09:10:20 [INFO]     05-reports-tour_subtitled.mp4
09:10:20 [INFO] 
09:10:20 [INFO]   See C:\Users\Administrator\Documents\GitHub\Talos-CleanRoom\docs\user-guide\screenshot-tool\capture_all.log for details on failures
